   100 SVT Text tisdag 30 mar 2021      
                                        
                                        
                                        
                                        
                                        
                                        
    Tegnell skeptisk till vaccinmål     
                                        
   Tvivlar på samordnarens uppgifter    
                  107                   
                                        
        Floyd-rättegången i USA -       
        "Jag bevittnade ett mord"       
                  137                   
                                        
  Pollenhalt 100 gånger högre än i fjol 
                                        
                  115                   
                                        
 Villa Lidköping klart för SM-final 300 
                                        
    Text-tv på webben får ny design 189 
                                        